# 构建失败

- 构建号: 45
- 提交: ea5a7ef0b8b859fe053a2659abafd26dd1e4678e
- 时间: 2026-10-09T15:46:04Z

## Swift 诊断（错误/警告）
```
/Users/runner/work/IphonePersonalAssistant/IphonePersonalAssistant/ios/IPhoneAssistant/ChatStore.swift:106:9: error: initializers may only be declared within a type
/Users/runner/work/IphonePersonalAssistant/IphonePersonalAssistant/ios/IPhoneAssistant/ChatStore.swift:122:1: error: extraneous '}' at top level
/Users/runner/work/IphonePersonalAssistant/IphonePersonalAssistant/ios/IPhoneAssistant/ChatStore.swift:106:9: error: Initializers may only be declared within a type
/Users/runner/work/IphonePersonalAssistant/IphonePersonalAssistant/ios/IPhoneAssistant/ChatStore.swift:122:1: error: Extraneous '}' at top level
```

## 失败的任务
```
The following build commands failed:
	SwiftDriver IPhoneAssistant normal arm64 com.apple.xcode.tools.swift.compiler (in target 'IPhoneAssistant' from project 'IPhoneAssistant')
	Building project IPhoneAssistant with scheme IPhoneAssistant and configuration Release
(2 failures)
```

## 其他错误行
```
```
